2026-04-07 22:13:38  START  18 students  (--skip-existing)
2026-04-07 22:13:40  SUCCESS  adusumn  (1s)
2026-04-07 22:13:41  SUCCESS  baileyjn  (2s)
2026-04-07 22:13:53  SUCCESS  baptisbc  (11s)
2026-04-07 22:16:12  SUCCESS  caminea  (139s)
2026-04-07 22:17:49  SUCCESS  culottjm  (97s)
2026-04-07 22:17:50  SUCCESS  gheorgg  (2s)
2026-04-07 22:19:54  SUCCESS  graysolt  (124s)
2026-04-07 22:22:59  SUCCESS  guffeygi  (185s)
2026-04-07 22:23:01  SUCCESS  mirandac  (2s)
2026-04-07 22:25:21  SUCCESS  neawedba  (140s)
2026-04-07 22:25:23  SUCCESS  osujiun  (2s)
2026-04-07 22:27:49  SUCCESS  panh3  (146s)
2026-04-07 22:29:36  SUCCESS  parkerct  (108s)
2026-04-07 22:31:48  SUCCESS  pinedott  (131s)
2026-04-07 22:35:17  SUCCESS  theslikj  (209s)
2026-04-07 22:37:45  SUCCESS  wakefib  (149s)
2026-04-07 22:39:29  SUCCESS  wangj36  (104s)
2026-04-07 22:39:54  SUCCESS  zhangz36  (25s)
2026-04-07 22:39:54  DONE   18 succeeded,  0 failed
2026-04-07 22:41:49  START  18 students  (full batch)
2026-04-07 22:41:51  SUCCESS  adusumn  (2s)
2026-04-07 22:41:53  SUCCESS  baileyjn  (2s)
2026-04-07 22:41:54  SUCCESS  baptisbc  (2s)
2026-04-07 22:41:56  SUCCESS  caminea  (2s)
2026-04-07 22:41:58  SUCCESS  culottjm  (2s)
2026-04-07 22:42:00  SUCCESS  gheorgg  (2s)
2026-04-07 22:42:02  SUCCESS  graysolt  (2s)
2026-04-07 22:42:03  SUCCESS  guffeygi  (2s)
2026-04-07 22:42:05  SUCCESS  mirandac  (2s)
2026-04-07 22:42:07  SUCCESS  neawedba  (2s)
2026-04-07 22:42:09  SUCCESS  osujiun  (2s)
2026-04-07 22:42:11  SUCCESS  panh3  (2s)
2026-04-07 22:42:12  SUCCESS  parkerct  (2s)
2026-04-07 22:42:14  SUCCESS  pinedott  (2s)
2026-04-07 22:42:16  SUCCESS  theslikj  (2s)
2026-04-07 22:42:18  SUCCESS  wakefib  (2s)
2026-04-07 22:42:20  SUCCESS  wangj36  (2s)
2026-04-07 22:42:21  SUCCESS  zhangz36  (2s)
2026-04-07 22:42:21  DONE   18 succeeded,  0 failed
